STDERR:
Debug: Starting getCookies for browser=chrome, domain=localhost, showExpired=false
Debug: Found N cookie stores
Debug: Store N Details:
  Browser: chrome
  File: /PATH/Cookies
  Error accessing file: stat /PATH/Cookies: no such file or directory
Debug: Reading cookies from Store N
Debug: Store N error: open /PATH/Cookies: no such file or directory
Debug: Store N Details:
  Browser: chrome
  File: /PATH/Cookies
  Size: N bytes
  Modified: TIMESTAMP
Debug: Reading cookies from Store N
Debug: Store N returned 2 cookies
Debug: Added 2 cookies from Store N
Debug: Total cookies found: 2, errors: N

STDOUT:
{
  "1": "open /PATH/Cookies: no such file or directory"
}
{
  "another-cookie": "also-present",
  "test-cookie": "present"
}