STDERR:
Debug: Starting getCookies for browser=firefox, domain=localhost, showExpired=false
Debug: Found N cookie stores
Debug: Store N Details:
  Browser: firefox
  File: /PATH/cookies.sqlite
  STAT_NORMALIZED
Debug: Reading cookies from Store N
Debug: Store N returned 2 cookies
Debug: Added 2 cookies from Store N
Debug: Total cookies found: 2, errors: N

STDOUT:
{}
{
  "another-cookie": "also-present",
  "test-cookie": "present"
}